Copyright 1986-2020 Xilinx, Inc. All Rights Reserved.
---------------------------------------------------------------------------------------------------------------------------------------------------------------------------------------------------------
| Tool Version : Vivado v.2020.1 (win64) Build 2902540 Wed May 27 19:54:49 MDT 2020
| Date         : Sun May 31 20:38:17 2026
| Host         : LAPTOP-NHP826N0 running 64-bit major release  (build 9200)
| Command      : report_bus_skew -warn_on_violation -file diagrama_bloques_wrapper_bus_skew_routed.rpt -pb diagrama_bloques_wrapper_bus_skew_routed.pb -rpx diagrama_bloques_wrapper_bus_skew_routed.rpx
| Design       : diagrama_bloques_wrapper
| Device       : 7z010-clg400
| Speed File   : -1  PRODUCTION 1.12 2019-11-22
---------------------------------------------------------------------------------------------------------------------------------------------------------------------------------------------------------

Bus Skew Report

No bus skew constraints

