#-----------------------------------------------------------
# Vivado v2020.1 (64-bit)
# SW Build 2902540 on Wed May 27 19:54:49 MDT 2020
# IP Build 2902112 on Wed May 27 22:43:36 MDT 2020
# Start of session at: Wed Jul  1 02:14:02 2026
# Process ID: 22604
# Current directory: D:/Proyecto-02-SEP/GUITAR_HERO_HW/GUITAR_HERO_HW
# Command line: vivado.exe -gui_launcher_event rodinguilauncherevent7420 D:\Proyecto-02-SEP\GUITAR_HERO_HW\GUITAR_HERO_HW\GUITAR_HERO_HW.xpr
# Log file: D:/Proyecto-02-SEP/GUITAR_HERO_HW/GUITAR_HERO_HW/vivado.log
# Journal file: D:/Proyecto-02-SEP/GUITAR_HERO_HW/GUITAR_HERO_HW\vivado.jou
#-----------------------------------------------------------
start_gui
open_project D:/Proyecto-02-SEP/GUITAR_HERO_HW/GUITAR_HERO_HW/GUITAR_HERO_HW.xpr
update_compile_order -fileset sources_1
open_bd_design {D:/Proyecto-02-SEP/GUITAR_HERO_HW/GUITAR_HERO_HW/GUITAR_HERO_HW.srcs/sources_1/bd/diagrama_bloques/diagrama_bloques.bd}
report_ip_status -name ip_status 
upgrade_ip -vlnv xilinx.com:user:BUZZER_AXI:1.0 [get_ips  diagrama_bloques_BUZZER_AXI_0_1] -log ip_upgrade.log
export_ip_user_files -of_objects [get_ips diagrama_bloques_BUZZER_AXI_0_1] -no_script -sync -force -quiet
report_ip_status -name ip_status 
startgroup
create_bd_cell -type ip -vlnv xilinx.com:ip:vio:3.0 vio_0
endgroup
set_property location {4 985 679} [get_bd_cells vio_0]
set_property -dict [list CONFIG.C_PROBE_OUT0_WIDTH {2} CONFIG.C_EN_PROBE_IN_ACTIVITY {0} CONFIG.C_NUM_PROBE_IN {0}] [get_bd_cells vio_0]
connect_bd_net [get_bd_pins vio_0/probe_out0] [get_bd_pins BUZZER_AXI_0/VIO_INPUT]
apply_bd_automation -rule xilinx.com:bd_rule:clkrst -config { Clk {/processing_system7_0/FCLK_CLK0 (100 MHz)} Freq {100} Ref_Clk0 {} Ref_Clk1 {} Ref_Clk2 {}}  [get_bd_pins vio_0/clk]
regenerate_bd_layout
make_wrapper -files [get_files D:/Proyecto-02-SEP/GUITAR_HERO_HW/GUITAR_HERO_HW/GUITAR_HERO_HW.srcs/sources_1/bd/diagrama_bloques/diagrama_bloques.bd] -top
reset_run synth_1
reset_run diagrama_bloques_rst_ps7_0_50M_0_synth_1
reset_run diagrama_bloques_xbar_0_synth_1
reset_run diagrama_bloques_processing_system7_0_0_synth_1
reset_run diagrama_bloques_axi_timer_0_0_synth_1
reset_run diagrama_bloques_ila_0_0_synth_1
launch_runs impl_1 -to_step write_bitstream -jobs 6
wait_on_run impl_1
reset_run synth_1
reset_run diagrama_bloques_axi_timer_1_0_synth_1
reset_run diagrama_bloques_auto_pc_0_synth_1
reset_run diagrama_bloques_vio_0_0_synth_1
reset_run diagrama_bloques_rst_ps7_0_50M_0_synth_1
reset_run diagrama_bloques_xbar_0_synth_1
reset_run diagrama_bloques_processing_system7_0_0_synth_1
reset_run diagrama_bloques_axi_timer_0_0_synth_1
reset_run diagrama_bloques_ila_0_0_synth_1
reset_run diagrama_bloques_BUZZER_AXI_0_1_synth_1
delete_bd_objs [get_bd_nets clk_0_1]
delete_bd_objs [get_bd_ports clk]
connect_bd_net [get_bd_pins Debouncer_1/clk] [get_bd_pins processing_system7_0/FCLK_CLK0]
connect_bd_net [get_bd_pins Debouncer_2/clk] [get_bd_pins processing_system7_0/FCLK_CLK0]
connect_bd_net [get_bd_pins Debouncer_0/clk] [get_bd_pins processing_system7_0/FCLK_CLK0]
save_bd_design
launch_runs impl_1 -to_step write_bitstream -jobs 6
wait_on_run impl_1
set_property pfm_name {} [get_files -all {D:/Proyecto-02-SEP/GUITAR_HERO_HW/GUITAR_HERO_HW/GUITAR_HERO_HW.srcs/sources_1/bd/diagrama_bloques/diagrama_bloques.bd}]
write_hw_platform -fixed -include_bit -force -file D:/Proyecto-02-SEP/GUITAR_HERO_HW/GUITAR_HERO_HW/diagrama_bloques_wrapper.xsa
launch_simulation
ipx::edit_ip_in_project -upgrade true -name BUZZER_AXI_v1_0_project -directory D:/Proyecto-02-SEP/GUITAR_HERO_HW/GUITAR_HERO_HW/GUITAR_HERO_HW.tmp/BUZZER_AXI_v1_0_project d:/Proyecto-02-SEP/IP_CORES/BUZZER/BUZZER_AXI_1.0/component.xml
update_compile_order -fileset sources_1
ipx::merge_project_changes files [ipx::current_core]
set_property core_revision 10 [ipx::current_core]
ipx::update_source_project_archive -component [ipx::current_core]
ipx::create_xgui_files [ipx::current_core]
ipx::update_checksums [ipx::current_core]
ipx::save_core [ipx::current_core]
close_project
update_ip_catalog -rebuild -scan_changes
report_ip_status -name ip_status
upgrade_ip -vlnv xilinx.com:user:BUZZER_AXI:1.0 [get_ips  diagrama_bloques_BUZZER_AXI_0_1] -log ip_upgrade.log
export_ip_user_files -of_objects [get_ips diagrama_bloques_BUZZER_AXI_0_1] -no_script -sync -force -quiet
report_ip_status -name ip_status 
make_wrapper -files [get_files D:/Proyecto-02-SEP/GUITAR_HERO_HW/GUITAR_HERO_HW/GUITAR_HERO_HW.srcs/sources_1/bd/diagrama_bloques/diagrama_bloques.bd] -top
reset_run synth_1
launch_runs impl_1 -to_step write_bitstream -jobs 6
wait_on_run impl_1
set_property pfm_name {} [get_files -all {D:/Proyecto-02-SEP/GUITAR_HERO_HW/GUITAR_HERO_HW/GUITAR_HERO_HW.srcs/sources_1/bd/diagrama_bloques/diagrama_bloques.bd}]
write_hw_platform -fixed -include_bit -force -file D:/Proyecto-02-SEP/GUITAR_HERO_HW/GUITAR_HERO_HW/diagrama_bloques_wrapper.xsa
open_hw_manager
connect_hw_server -allow_non_jtag
open_hw_target
set_property PROGRAM.FILE {D:/Proyecto-02-SEP/GUITAR_HERO_HW/GUITAR_HERO_HW/GUITAR_HERO_HW.runs/impl_1/diagrama_bloques_wrapper.bit} [get_hw_devices xc7z010_1]
set_property PROBES.FILE {D:/Proyecto-02-SEP/GUITAR_HERO_HW/GUITAR_HERO_HW/GUITAR_HERO_HW.runs/impl_1/diagrama_bloques_wrapper.ltx} [get_hw_devices xc7z010_1]
set_property FULL_PROBES.FILE {D:/Proyecto-02-SEP/GUITAR_HERO_HW/GUITAR_HERO_HW/GUITAR_HERO_HW.runs/impl_1/diagrama_bloques_wrapper.ltx} [get_hw_devices xc7z010_1]
current_hw_device [get_hw_devices xc7z010_1]
refresh_hw_device [lindex [get_hw_devices xc7z010_1] 0]
display_hw_ila_data [ get_hw_ila_data hw_ila_data_1 -of_objects [get_hw_ilas -of_objects [get_hw_devices xc7z010_1] -filter {CELL_NAME=~"diagrama_bloques_i/ila_0"}]]
set_property OUTPUT_VALUE_RADIX BINARY [get_hw_probes diagrama_bloques_i/vio_0_probe_out0 -of_objects [get_hw_vios -of_objects [get_hw_devices xc7z010_1] -filter {CELL_NAME=~"diagrama_bloques_i/vio_0"}]]
set_property TRIGGER_COMPARE_VALUE neq3'hX [get_hw_probes diagrama_bloques_i/xlconcat_0_dout -of_objects [get_hw_ilas -of_objects [get_hw_devices xc7z010_1] -filter {CELL_NAME=~"diagrama_bloques_i/ila_0"}]]
set_property TRIGGER_COMPARE_VALUE neq3'bXXX [get_hw_probes diagrama_bloques_i/xlconcat_0_dout -of_objects [get_hw_ilas -of_objects [get_hw_devices xc7z010_1] -filter {CELL_NAME=~"diagrama_bloques_i/ila_0"}]]
set_property TRIGGER_COMPARE_VALUE neq3'b000 [get_hw_probes diagrama_bloques_i/xlconcat_0_dout -of_objects [get_hw_ilas -of_objects [get_hw_devices xc7z010_1] -filter {CELL_NAME=~"diagrama_bloques_i/ila_0"}]]
startgroup 
set_property CONTROL.DATA_DEPTH 8 [get_hw_ilas -of_objects [get_hw_devices xc7z010_1] -filter {CELL_NAME=~"diagrama_bloques_i/ila_0"}]
set_property CONTROL.TRIGGER_POSITION 7 [get_hw_ilas -of_objects [get_hw_devices xc7z010_1] -filter {CELL_NAME=~"diagrama_bloques_i/ila_0"}]
set_property CONTROL.WINDOW_COUNT 100 [get_hw_ilas -of_objects [get_hw_devices xc7z010_1] -filter {CELL_NAME=~"diagrama_bloques_i/ila_0"}]
endgroup
run_hw_ila [get_hw_ilas -of_objects [get_hw_devices xc7z010_1] -filter {CELL_NAME=~"diagrama_bloques_i/ila_0"}]
wait_on_hw_ila [get_hw_ilas -of_objects [get_hw_devices xc7z010_1] -filter {CELL_NAME=~"diagrama_bloques_i/ila_0"}]
display_hw_ila_data [upload_hw_ila_data [get_hw_ilas -of_objects [get_hw_devices xc7z010_1] -filter {CELL_NAME=~"diagrama_bloques_i/ila_0"}]]
set_property CONTROL.WINDOW_COUNT 1 [get_hw_ilas -of_objects [get_hw_devices xc7z010_1] -filter {CELL_NAME=~"diagrama_bloques_i/ila_0"}]
run_hw_ila [get_hw_ilas -of_objects [get_hw_devices xc7z010_1] -filter {CELL_NAME=~"diagrama_bloques_i/ila_0"}]
set_property OUTPUT_VALUE 01 [get_hw_probes diagrama_bloques_i/vio_0_probe_out0 -of_objects [get_hw_vios -of_objects [get_hw_devices xc7z010_1] -filter {CELL_NAME=~"diagrama_bloques_i/vio_0"}]]
commit_hw_vio [get_hw_probes {diagrama_bloques_i/vio_0_probe_out0} -of_objects [get_hw_vios -of_objects [get_hw_devices xc7z010_1] -filter {CELL_NAME=~"diagrama_bloques_i/vio_0"}]]
set_property OUTPUT_VALUE 10 [get_hw_probes diagrama_bloques_i/vio_0_probe_out0 -of_objects [get_hw_vios -of_objects [get_hw_devices xc7z010_1] -filter {CELL_NAME=~"diagrama_bloques_i/vio_0"}]]
commit_hw_vio [get_hw_probes {diagrama_bloques_i/vio_0_probe_out0} -of_objects [get_hw_vios -of_objects [get_hw_devices xc7z010_1] -filter {CELL_NAME=~"diagrama_bloques_i/vio_0"}]]
wait_on_hw_ila [get_hw_ilas -of_objects [get_hw_devices xc7z010_1] -filter {CELL_NAME=~"diagrama_bloques_i/ila_0"}]
display_hw_ila_data [upload_hw_ila_data [get_hw_ilas -of_objects [get_hw_devices xc7z010_1] -filter {CELL_NAME=~"diagrama_bloques_i/ila_0"}]]
set_property CONTROL.DATA_DEPTH 1024 [get_hw_ilas -of_objects [get_hw_devices xc7z010_1] -filter {CELL_NAME=~"diagrama_bloques_i/ila_0"}]
startgroup 
set_property CONTROL.DATA_DEPTH 512 [get_hw_ilas -of_objects [get_hw_devices xc7z010_1] -filter {CELL_NAME=~"diagrama_bloques_i/ila_0"}]
set_property CONTROL.WINDOW_COUNT 2 [get_hw_ilas -of_objects [get_hw_devices xc7z010_1] -filter {CELL_NAME=~"diagrama_bloques_i/ila_0"}]
endgroup
run_hw_ila [get_hw_ilas -of_objects [get_hw_devices xc7z010_1] -filter {CELL_NAME=~"diagrama_bloques_i/ila_0"}]
wait_on_hw_ila [get_hw_ilas -of_objects [get_hw_devices xc7z010_1] -filter {CELL_NAME=~"diagrama_bloques_i/ila_0"}]
display_hw_ila_data [upload_hw_ila_data [get_hw_ilas -of_objects [get_hw_devices xc7z010_1] -filter {CELL_NAME=~"diagrama_bloques_i/ila_0"}]]
set_property CONTROL.TRIGGER_POSITION 511 [get_hw_ilas -of_objects [get_hw_devices xc7z010_1] -filter {CELL_NAME=~"diagrama_bloques_i/ila_0"}]
run_hw_ila [get_hw_ilas -of_objects [get_hw_devices xc7z010_1] -filter {CELL_NAME=~"diagrama_bloques_i/ila_0"}]
wait_on_hw_ila [get_hw_ilas -of_objects [get_hw_devices xc7z010_1] -filter {CELL_NAME=~"diagrama_bloques_i/ila_0"}]
display_hw_ila_data [upload_hw_ila_data [get_hw_ilas -of_objects [get_hw_devices xc7z010_1] -filter {CELL_NAME=~"diagrama_bloques_i/ila_0"}]]
run_hw_ila [get_hw_ilas -of_objects [get_hw_devices xc7z010_1] -filter {CELL_NAME=~"diagrama_bloques_i/ila_0"}]
wait_on_hw_ila [get_hw_ilas -of_objects [get_hw_devices xc7z010_1] -filter {CELL_NAME=~"diagrama_bloques_i/ila_0"}]
display_hw_ila_data [upload_hw_ila_data [get_hw_ilas -of_objects [get_hw_devices xc7z010_1] -filter {CELL_NAME=~"diagrama_bloques_i/ila_0"}]]
set_property TRIGGER_COMPARE_VALUE eq3'hX [get_hw_probes diagrama_bloques_i/xlconcat_0_dout -of_objects [get_hw_ilas -of_objects [get_hw_devices xc7z010_1] -filter {CELL_NAME=~"diagrama_bloques_i/ila_0"}]]
set_property TRIGGER_COMPARE_VALUE neq1'bX [get_hw_probes diagrama_bloques_i/axi_timer_1_interrupt -of_objects [get_hw_ilas -of_objects [get_hw_devices xc7z010_1] -filter {CELL_NAME=~"diagrama_bloques_i/ila_0"}]]
set_property TRIGGER_COMPARE_VALUE neq1'b0 [get_hw_probes diagrama_bloques_i/axi_timer_1_interrupt -of_objects [get_hw_ilas -of_objects [get_hw_devices xc7z010_1] -filter {CELL_NAME=~"diagrama_bloques_i/ila_0"}]]
run_hw_ila [get_hw_ilas -of_objects [get_hw_devices xc7z010_1] -filter {CELL_NAME=~"diagrama_bloques_i/ila_0"}]
wait_on_hw_ila [get_hw_ilas -of_objects [get_hw_devices xc7z010_1] -filter {CELL_NAME=~"diagrama_bloques_i/ila_0"}]
display_hw_ila_data [upload_hw_ila_data [get_hw_ilas -of_objects [get_hw_devices xc7z010_1] -filter {CELL_NAME=~"diagrama_bloques_i/ila_0"}]]
set_property TRIGGER_COMPARE_VALUE neq1'b1 [get_hw_probes diagrama_bloques_i/axi_timer_1_interrupt -of_objects [get_hw_ilas -of_objects [get_hw_devices xc7z010_1] -filter {CELL_NAME=~"diagrama_bloques_i/ila_0"}]]
run_hw_ila [get_hw_ilas -of_objects [get_hw_devices xc7z010_1] -filter {CELL_NAME=~"diagrama_bloques_i/ila_0"}]
wait_on_hw_ila [get_hw_ilas -of_objects [get_hw_devices xc7z010_1] -filter {CELL_NAME=~"diagrama_bloques_i/ila_0"}]
display_hw_ila_data [upload_hw_ila_data [get_hw_ilas -of_objects [get_hw_devices xc7z010_1] -filter {CELL_NAME=~"diagrama_bloques_i/ila_0"}]]
set_property TRIGGER_COMPARE_VALUE neq1'b0 [get_hw_probes diagrama_bloques_i/axi_timer_1_interrupt -of_objects [get_hw_ilas -of_objects [get_hw_devices xc7z010_1] -filter {CELL_NAME=~"diagrama_bloques_i/ila_0"}]]
run_hw_ila [get_hw_ilas -of_objects [get_hw_devices xc7z010_1] -filter {CELL_NAME=~"diagrama_bloques_i/ila_0"}]
wait_on_hw_ila [get_hw_ilas -of_objects [get_hw_devices xc7z010_1] -filter {CELL_NAME=~"diagrama_bloques_i/ila_0"}]
display_hw_ila_data [upload_hw_ila_data [get_hw_ilas -of_objects [get_hw_devices xc7z010_1] -filter {CELL_NAME=~"diagrama_bloques_i/ila_0"}]]
set_property TRIGGER_COMPARE_VALUE neq1'bX [get_hw_probes diagrama_bloques_i/axi_timer_0_interrupt -of_objects [get_hw_ilas -of_objects [get_hw_devices xc7z010_1] -filter {CELL_NAME=~"diagrama_bloques_i/ila_0"}]]
set_property TRIGGER_COMPARE_VALUE neq1'b0 [get_hw_probes diagrama_bloques_i/axi_timer_0_interrupt -of_objects [get_hw_ilas -of_objects [get_hw_devices xc7z010_1] -filter {CELL_NAME=~"diagrama_bloques_i/ila_0"}]]
set_property TRIGGER_COMPARE_VALUE neq3'hX [get_hw_probes diagrama_bloques_i/xlconcat_0_dout -of_objects [get_hw_ilas -of_objects [get_hw_devices xc7z010_1] -filter {CELL_NAME=~"diagrama_bloques_i/ila_0"}]]
set_property TRIGGER_COMPARE_VALUE neq3'bXXX [get_hw_probes diagrama_bloques_i/xlconcat_0_dout -of_objects [get_hw_ilas -of_objects [get_hw_devices xc7z010_1] -filter {CELL_NAME=~"diagrama_bloques_i/ila_0"}]]
set_property TRIGGER_COMPARE_VALUE neq3'b000 [get_hw_probes diagrama_bloques_i/xlconcat_0_dout -of_objects [get_hw_ilas -of_objects [get_hw_devices xc7z010_1] -filter {CELL_NAME=~"diagrama_bloques_i/ila_0"}]]
run_hw_ila [get_hw_ilas -of_objects [get_hw_devices xc7z010_1] -filter {CELL_NAME=~"diagrama_bloques_i/ila_0"}]
set_property TRIGGER_COMPARE_VALUE neq1'b1 [get_hw_probes diagrama_bloques_i/axi_timer_1_interrupt -of_objects [get_hw_ilas -of_objects [get_hw_devices xc7z010_1] -filter {CELL_NAME=~"diagrama_bloques_i/ila_0"}]]
set_property TRIGGER_COMPARE_VALUE neq1'b0 [get_hw_probes diagrama_bloques_i/axi_timer_1_interrupt -of_objects [get_hw_ilas -of_objects [get_hw_devices xc7z010_1] -filter {CELL_NAME=~"diagrama_bloques_i/ila_0"}]]
set_property TRIGGER_COMPARE_VALUE neq1'b1 [get_hw_probes diagrama_bloques_i/axi_timer_0_interrupt -of_objects [get_hw_ilas -of_objects [get_hw_devices xc7z010_1] -filter {CELL_NAME=~"diagrama_bloques_i/ila_0"}]]
startgroup 
set_property CONTROL.DATA_DEPTH 256 [get_hw_ilas -of_objects [get_hw_devices xc7z010_1] -filter {CELL_NAME=~"diagrama_bloques_i/ila_0"}]
set_property CONTROL.TRIGGER_POSITION 255 [get_hw_ilas -of_objects [get_hw_devices xc7z010_1] -filter {CELL_NAME=~"diagrama_bloques_i/ila_0"}]
set_property CONTROL.WINDOW_COUNT 4 [get_hw_ilas -of_objects [get_hw_devices xc7z010_1] -filter {CELL_NAME=~"diagrama_bloques_i/ila_0"}]
endgroup
set_property TRIGGER_COMPARE_VALUE neq1'b0 [get_hw_probes diagrama_bloques_i/axi_timer_0_interrupt -of_objects [get_hw_ilas -of_objects [get_hw_devices xc7z010_1] -filter {CELL_NAME=~"diagrama_bloques_i/ila_0"}]]
set_property TRIGGER_COMPARE_VALUE eq1'b0 [get_hw_probes diagrama_bloques_i/axi_timer_0_interrupt -of_objects [get_hw_ilas -of_objects [get_hw_devices xc7z010_1] -filter {CELL_NAME=~"diagrama_bloques_i/ila_0"}]]
set_property TRIGGER_COMPARE_VALUE eq1'bX [get_hw_probes diagrama_bloques_i/axi_timer_0_interrupt -of_objects [get_hw_ilas -of_objects [get_hw_devices xc7z010_1] -filter {CELL_NAME=~"diagrama_bloques_i/ila_0"}]]
set_property TRIGGER_COMPARE_VALUE eq1'b0 [get_hw_probes diagrama_bloques_i/axi_timer_1_interrupt -of_objects [get_hw_ilas -of_objects [get_hw_devices xc7z010_1] -filter {CELL_NAME=~"diagrama_bloques_i/ila_0"}]]
set_property TRIGGER_COMPARE_VALUE eq1'bX [get_hw_probes diagrama_bloques_i/axi_timer_1_interrupt -of_objects [get_hw_ilas -of_objects [get_hw_devices xc7z010_1] -filter {CELL_NAME=~"diagrama_bloques_i/ila_0"}]]
set_property TRIGGER_COMPARE_VALUE eq3'b000 [get_hw_probes diagrama_bloques_i/xlconcat_0_dout -of_objects [get_hw_ilas -of_objects [get_hw_devices xc7z010_1] -filter {CELL_NAME=~"diagrama_bloques_i/ila_0"}]]
add_wave -into {hw_ila_data_1.wcfg} -radix hex { {diagrama_bloques_i/axi_timer_0_interrupt} }
wait_on_hw_ila -timeout 0 [get_hw_ilas -of_objects [get_hw_devices xc7z010_1] -filter {CELL_NAME=~"diagrama_bloques_i/ila_0"}]
upload_hw_ila_data [get_hw_ilas -of_objects [get_hw_devices xc7z010_1] -filter {CELL_NAME=~"diagrama_bloques_i/ila_0"}]
run_hw_ila [get_hw_ilas -of_objects [get_hw_devices xc7z010_1] -filter {CELL_NAME=~"diagrama_bloques_i/ila_0"}]
wait_on_hw_ila [get_hw_ilas -of_objects [get_hw_devices xc7z010_1] -filter {CELL_NAME=~"diagrama_bloques_i/ila_0"}]
display_hw_ila_data [upload_hw_ila_data [get_hw_ilas -of_objects [get_hw_devices xc7z010_1] -filter {CELL_NAME=~"diagrama_bloques_i/ila_0"}]]
set_property TRIGGER_COMPARE_VALUE neq3'b000 [get_hw_probes diagrama_bloques_i/xlconcat_0_dout -of_objects [get_hw_ilas -of_objects [get_hw_devices xc7z010_1] -filter {CELL_NAME=~"diagrama_bloques_i/ila_0"}]]
run_hw_ila [get_hw_ilas -of_objects [get_hw_devices xc7z010_1] -filter {CELL_NAME=~"diagrama_bloques_i/ila_0"}]
wait_on_hw_ila -timeout 0 [get_hw_ilas -of_objects [get_hw_devices xc7z010_1] -filter {CELL_NAME=~"diagrama_bloques_i/ila_0"}]
upload_hw_ila_data [get_hw_ilas -of_objects [get_hw_devices xc7z010_1] -filter {CELL_NAME=~"diagrama_bloques_i/ila_0"}]
run_hw_ila [get_hw_ilas -of_objects [get_hw_devices xc7z010_1] -filter {CELL_NAME=~"diagrama_bloques_i/ila_0"}]
set_property TRIGGER_COMPARE_VALUE neq1'bX [get_hw_probes diagrama_bloques_i/axi_timer_1_interrupt -of_objects [get_hw_ilas -of_objects [get_hw_devices xc7z010_1] -filter {CELL_NAME=~"diagrama_bloques_i/ila_0"}]]
set_property TRIGGER_COMPARE_VALUE neq1'b0 [get_hw_probes diagrama_bloques_i/axi_timer_1_interrupt -of_objects [get_hw_ilas -of_objects [get_hw_devices xc7z010_1] -filter {CELL_NAME=~"diagrama_bloques_i/ila_0"}]]
wait_on_hw_ila -timeout 0 [get_hw_ilas -of_objects [get_hw_devices xc7z010_1] -filter {CELL_NAME=~"diagrama_bloques_i/ila_0"}]
upload_hw_ila_data [get_hw_ilas -of_objects [get_hw_devices xc7z010_1] -filter {CELL_NAME=~"diagrama_bloques_i/ila_0"}]
run_hw_ila [get_hw_ilas -of_objects [get_hw_devices xc7z010_1] -filter {CELL_NAME=~"diagrama_bloques_i/ila_0"}]
wait_on_hw_ila -timeout 0 [get_hw_ilas -of_objects [get_hw_devices xc7z010_1] -filter {CELL_NAME=~"diagrama_bloques_i/ila_0"}]
upload_hw_ila_data [get_hw_ilas -of_objects [get_hw_devices xc7z010_1] -filter {CELL_NAME=~"diagrama_bloques_i/ila_0"}]
run_hw_ila [get_hw_ilas -of_objects [get_hw_devices xc7z010_1] -filter {CELL_NAME=~"diagrama_bloques_i/ila_0"}]
wait_on_hw_ila [get_hw_ilas -of_objects [get_hw_devices xc7z010_1] -filter {CELL_NAME=~"diagrama_bloques_i/ila_0"}]
display_hw_ila_data [upload_hw_ila_data [get_hw_ilas -of_objects [get_hw_devices xc7z010_1] -filter {CELL_NAME=~"diagrama_bloques_i/ila_0"}]]
set_property TRIGGER_COMPARE_VALUE neq1'bX [get_hw_probes diagrama_bloques_i/axi_timer_0_interrupt -of_objects [get_hw_ilas -of_objects [get_hw_devices xc7z010_1] -filter {CELL_NAME=~"diagrama_bloques_i/ila_0"}]]
set_property TRIGGER_COMPARE_VALUE neq1'b0 [get_hw_probes diagrama_bloques_i/axi_timer_0_interrupt -of_objects [get_hw_ilas -of_objects [get_hw_devices xc7z010_1] -filter {CELL_NAME=~"diagrama_bloques_i/ila_0"}]]
run_hw_ila [get_hw_ilas -of_objects [get_hw_devices xc7z010_1] -filter {CELL_NAME=~"diagrama_bloques_i/ila_0"}]
save_wave_config {D:/Proyecto-02-SEP/GUITAR_HERO_HW/GUITAR_HERO_HW/GUITAR_HERO_HW.hw/hw_1/wave/hw_ila_data_1/hw_ila_data_1.wcfg}
close_hw_manager
